case / implementation: median, p95, p99 ns per unit
copy_read_drop / std_shared: 12.870, 192.665, 192.665
copy_read_drop / own_shared: 34.441, 40.310, 40.310
copy_read_drop / own_local: 43.825, 82.111, 82.111
borrow_read / raw_borrow: 3.165, 3.265, 3.265
localize_read_drop / std_shared: 14.521, 14.632, 14.632
localize_read_drop / own_local: 294.566, 338.601, 338.601
group_setup_then_1_copies / std_shared: 40.309, 40.390, 40.390
group_setup_then_1_copies / own_local: 277.981, 356.287, 356.287
group_setup_then_8_copies / std_shared: 183.312, 183.712, 183.712
group_setup_then_8_copies / own_local: 606.336, 608.344, 608.344
group_setup_then_64_copies / std_shared: 837.812, 845.625, 845.625
group_setup_then_64_copies / own_local: 3246.375, 4560.188, 4560.188
group_setup_then_1024_copies / std_shared: 17595.094, 27716.906, 27716.906
group_setup_then_1024_copies / own_local: 55176.906, 98124.812, 98124.812
share_read_drop / std_shared: 14.171, 14.441, 14.441
share_read_drop / own_shared: 30.105, 30.646, 30.646
create_read_destroy / std_shared: 266.695, 495.192, 495.192
create_read_destroy / own_shared: 374.063, 463.235, 463.235
create_read_destroy / own_local: 680.387, 741.797, 741.797
weak_lock_live / std_shared: 18.678, 18.968, 18.968
weak_lock_live / own_shared: 26.609, 26.849, 26.849
weak_lock_expired / std_shared: 10.475, 37.776, 37.776
weak_lock_expired / own_shared: 21.312, 21.471, 21.471
contended_copy_2_workers / std_shared: 41.932, 44.225, 44.225
contended_copy_2_workers / own_shared: 90.960, 189.292, 189.292
scene_4096_attachments / std_shared: 20.066, 20.267, 20.267
scene_4096_attachments / own_local: 32.551, 32.555, 32.555
frame_4096_draws_64_unique_leases / std_shared: 41333.750, 45562.500, 45562.500
frame_4096_draws_64_unique_leases / own_shared: 81282.750, 81843.500, 81843.500
resource_lifecycle_64_assets_4096_objects / std_shared: 206535.000, 228618.000, 228618.000
resource_lifecycle_64_assets_4096_objects / own_local: 355686.000, 459650.000, 459650.000
async_queue_job_1_local_copies / std_shared: 1546.969, 2743.125, 2743.125
async_queue_job_1_local_copies / own_local: 3758.688, 5511.281, 5511.281
async_queue_job_64_local_copies / std_shared: 4571.750, 8896.281, 8896.281
async_queue_job_64_local_copies / own_local: 11438.500, 15861.875, 15861.875
async_queue_job_1024_local_copies / std_shared: 22022.281, 24530.656, 24530.656
async_queue_job_1024_local_copies / own_local: 57006.156, 58732.188, 58732.188
owner_retained_borrow_copy_read / std_raw_borrow: 3.835, 4.287, 4.287
owner_retained_borrow_copy_read / own_local_view: 3.946, 4.076, 4.076
owner_retained_borrow_parameter / std_raw_borrow: 20.290, 21.472, 21.472
owner_retained_borrow_parameter / own_local_view: 19.969, 20.340, 20.340
independent_owner_parameter / std_shared: 13.671, 13.700, 13.700
independent_owner_parameter / own_shared: 10.085, 10.265, 10.265
independent_owner_parameter / own_local: 62.543, 62.923, 62.923
resettable_root_pin_1024_borrow_reads / std_shared_pin_raw_borrow: 3549.594, 3603.438, 3603.438
resettable_root_pin_1024_borrow_reads / own_shared_pin_local_view: 3622.875, 3637.875, 3637.875
owner_retained_4096_draw_borrows / std_raw_borrow: 27683.500, 45252.000, 45252.000
owner_retained_4096_draw_borrows / own_local_view: 27297.750, 27583.500, 27583.500
owner_retained_4096_parameter_borrows / std_raw_borrow: 97239.000, 105518.750, 105518.750
owner_retained_4096_parameter_borrows / own_local_view: 92577.000, 114143.750, 114143.750
async_queue_job_1_borrow_reads / std_shared_then_raw_borrow: 1645.250, 2266.156, 2266.156
async_queue_job_1_borrow_reads / own_shared_then_local_view: 3847.875, 9354.469, 9354.469
async_queue_job_64_borrow_reads / std_shared_then_raw_borrow: 4176.469, 5677.750, 5677.750
async_queue_job_64_borrow_reads / own_shared_then_local_view: 2874.250, 2920.562, 2920.562
async_queue_job_1024_borrow_reads / std_shared_then_raw_borrow: 9048.062, 11227.531, 11227.531
async_queue_job_1024_borrow_reads / own_shared_then_local_view: 9173.562, 9212.688, 9212.688
Output: "benchmarks/results/20261007_view_sanitizer"
Checksum: 285122896

Results saved to benchmarks/results/20261007_view_sanitizer
